

Tue Jan  2 23:44:45 2018
Command line: TestDisk

TestDisk 7.0, Data Recovery Utility, April 2015
Christophe GRENIER <grenier@cgsecurity.org>
http://www.cgsecurity.org
OS: Linux, kernel 4.13.0-21-generic (#24-Ubuntu SMP Mon Dec 18 17:29:16 UTC 2017) x86_64
Compiler: GCC 6.3
ext2fs lib: 1.43.5, ntfs lib: libntfs-3g, reiserfs lib: none, ewf lib: none, curses lib: ncurses 6.0
/dev/sda: LBA, HPA, LBA48, DCO support
/dev/sda: size       937703088 sectors
/dev/sda: user_max   937703088 sectors
/dev/sda: native_max 937703088 sectors
/dev/sdb: LBA, HPA, LBA48, DCO support
/dev/sdb: size       3907029168 sectors
/dev/sdb: user_max   3907029168 sectors
/dev/sdb: native_max 3907029168 sectors
/dev/sdc: LBA, LBA48 support
/dev/sdc: size       2000409264 sectors
/dev/sdc: user_max   2000409264 sectors
Warning: can't get size for Disk /dev/mapper/control - 0 B - 0 sectors, sector size=512
Hard disk list
Disk /dev/sda - 480 GB / 447 GiB - CHS 58369 255 63, sector size=512 - KINGSTON SUV300S37A480G, S/N:50026B7263084500, FW:SAFM11.K
Disk /dev/sdb - 2000 GB / 1863 GiB - CHS 243201 255 63, sector size=512 - ST2000DX001-1NS164, S/N:Z4Z4LDSY, FW:CC41
Disk /dev/sdc - 1024 GB / 953 GiB - CHS 124519 255 63, sector size=512 - Micron_M600_MTFDDAK1T0MBF, S/N:15451108619C, FW:MU05
Disk /dev/sdd - 32 GB / 29 GiB - CHS 30543 64 32, sector size=512 - Generic- SD/MMC, FW:1.00
Disk /dev/sdh - 62 GB / 57 GiB - CHS 59232 64 32, sector size=512 - SanDisk Ultra Fit, FW:1.00

Partition table type (auto): Intel
Disk /dev/sdd - 32 GB / 29 GiB - Generic- SD/MMC
Partition table type: Intel

Interface Advanced
Geometry from i386 MBR: head=256 sector=63
BAD_RS LBA=2048 2103326
FAT32 at 1/0/1
check_FAT: Unusual media descriptor (0xf0!=0xf8)
Info: size boot_sector 62550016, partition 62550016
FAT1 : 92-7725
FAT2 : 7726-15359
start_rootdir : 15360 root cluster : 2
Data : 15360-62550015
sectors : 62550016
cluster_size : 64
no_of_cluster : 977104 (2 - 977105)
fat_length 7634 calculated 7634
heads/cylinder 4 (FAT) != 64 (HD)
sect/track 16 (FAT) != 32 (HD)
set_FAT_info: name from BS used
get_geometry_from_list_part_aux head=64 nbr=2
get_geometry_from_list_part_aux head=8 nbr=2
get_geometry_from_list_part_aux head=16 nbr=2
get_geometry_from_list_part_aux head=32 nbr=2
get_geometry_from_list_part_aux head=64 nbr=2
 1 * FAT32 LBA                1   0  1 30542  63 32   62550016 [NO NAME]
     FAT32, blocksize=32768, 32 GB / 29 GiB

FAT: cluster=2(0x2), pos=17408
Directory /
  976626 drwxr-xr-x     0      0         0 25-Dec-2017 09:08 LOST.DIR
  976627 drwxr-xr-x     0      0         0 25-Dec-2017 09:08 .android_secure
  976628 drwxr-xr-x     0      0         0 25-Dec-2017 09:43 Android
       3 drwxr-xr-x     0      0         0 25-Dec-2017 09:45 System Volume Information
FAT: cluster=976626(0xee6f2), pos=62521344
Directory /LOST.DIR
  976626 drwxr-xr-x     0      0         0 25-Dec-2017 09:08 .
       0 drwxr-xr-x     0      0         0 25-Dec-2017 09:08 ..
FAT: cluster=2(0x2), pos=17408
Directory /
  976626 drwxr-xr-x     0      0         0 25-Dec-2017 09:08 LOST.DIR
  976627 drwxr-xr-x     0      0         0 25-Dec-2017 09:08 .android_secure
  976628 drwxr-xr-x     0      0         0 25-Dec-2017 09:43 Android
       3 drwxr-xr-x     0      0         0 25-Dec-2017 09:45 System Volume Information
FAT: cluster=976626(0xee6f2), pos=62521344
Directory /LOST.DIR
  976626 drwxr-xr-x     0      0         0 25-Dec-2017 09:08 .
       0 drwxr-xr-x     0      0         0 25-Dec-2017 09:08 ..
FAT: cluster=2(0x2), pos=17408
Directory /
  976626 drwxr-xr-x     0      0         0 25-Dec-2017 09:08 LOST.DIR
  976627 drwxr-xr-x     0      0         0 25-Dec-2017 09:08 .android_secure
  976628 drwxr-xr-x     0      0         0 25-Dec-2017 09:43 Android
       3 drwxr-xr-x     0      0         0 25-Dec-2017 09:45 System Volume Information

Interface Advanced
Geometry from i386 MBR: head=256 sector=63
BAD_RS LBA=2048 2103326
FAT32 at 1/0/1
check_FAT: Unusual media descriptor (0xf0!=0xf8)
Info: size boot_sector 62550016, partition 62550016
FAT1 : 92-7725
FAT2 : 7726-15359
start_rootdir : 15360 root cluster : 2
Data : 15360-62550015
sectors : 62550016
cluster_size : 64
no_of_cluster : 977104 (2 - 977105)
fat_length 7634 calculated 7634
heads/cylinder 4 (FAT) != 64 (HD)
sect/track 16 (FAT) != 32 (HD)
set_FAT_info: name from BS used
get_geometry_from_list_part_aux head=64 nbr=2
get_geometry_from_list_part_aux head=8 nbr=2
get_geometry_from_list_part_aux head=16 nb